../Core/Src/main.c:129:5:main	136	static
../Core/Src/main.c:364:6:SystemClock_Config	88	static
../Core/Src/main.c:411:13:MX_TIM1_Init	32	static
../Core/Src/main.c:457:13:MX_TIM4_Init	32	static
../Core/Src/main.c:502:13:MX_USART2_UART_Init	8	static
../Core/Src/main.c:535:13:MX_GPIO_Init	48	static
../Core/Src/main.c:593:6:usDelay	16	static
../Core/Src/main.c:611:7:MeasureDistance	32	static
../Core/Src/main.c:695:7:trigMeasurement	64	static
../Core/Src/main.c:728:7:AveVel	32	static
../Core/Src/main.c:758:6:Error_Handler	4	static,ignoring_inline_asm
