../Core/Src/main.c:138:5:main	8	static
../Core/Src/main.c:237:6:SystemClock_Config	88	static
../Core/Src/main.c:284:13:MX_TIM1_Init	32	static
../Core/Src/main.c:330:13:MX_TIM4_Init	32	static
../Core/Src/main.c:375:13:MX_USART2_UART_Init	8	static
../Core/Src/main.c:408:13:MX_GPIO_Init	40	static
../Core/Src/main.c:455:6:usDelay	16	static
../Core/Src/main.c:473:7:MeasureDistance	32	static
../Core/Src/main.c:565:6:trigMeasurement	32	static
../Core/Src/main.c:638:6:Error_Handler	4	static,ignoring_inline_asm
